HI-TECH Software C Compiler 

Linker command line:

--edf=C:\Program Files (x86)\HI-TECH Software\PICC\9.83\dat\en_msgs.txt -cs \
  -h+dist/default/production\ATstorm.X.production.sym -z -Q16F88 -ol.obj \
  -Mdist/default/production/ATstorm.X.production.map -E1 \
  -ACONST=00h-0FFhx16 -ACODE=00h-07FFhx2 -ASTRCODE=00h-0FFFh \
  -AENTRY=00h-0FFhx16 -ASTRING=00h-0FFhx16 -ABANK0=020h-06Fh \
  -ABANK1=0A0h-0EFh -ABANK2=0110h-016Fh -ABANK3=0190h-01EFh \
  -ARAM=020h-06Fh,0A0h-0EFh,0110h-016Fh,0190h-01EFh \
  -AABS1=020h-07Fh,0A0h-0EFh,0110h-016Fh,0190h-01EFh -ACOMMON=070h-07Fh \
  -ASFR0=00h-01Fh -ASFR1=080h-09Fh -ASFR2=0100h-010Fh -ASFR3=0180h-018Fh \
  -preset_vec=00h,intentry=04h,init,end_init -ppowerup=CODE -pfunctab=CODE \
  -ACONFIG=02007h-02008h -pconfig=CONFIG -DCONFIG=2 -AIDLOC=02000h-02003h \
  -pidloc=IDLOC -DIDLOC=2 -AEEDATA=00h-0FFh/02100h -peeprom_data=EEDATA \
  -DEEDATA=2 -DCODE=2 -DSTRCODE=2 -DSTRING=2 -DCONST=2 -DENTRY=2 -k \
  C:\Users\Administrator\AppData\Local\Temp\s47k.obj \
  dist/default/production\ATstorm.X.production.obj 

Object code version is 3.10

Machine type is 16F88



                Name                               Link     Load   Length Selector   Space Scale
C:\Users\Administrator\AppData\Local\Temp\s47k.obj
                end_init                              D        D        2        8       0
                reset_vec                             0        0        2        0       0
dist/default/production\ATstorm.X.production.obj
                intentry                              4        4        9        8       0
                config                             2007     2007        2     400E       0
                text1082                            3E3      3E3       90        8       0
                text1081                            554      554        2        8       0
                text1080                            552      552        2        8       0
                text1079                            53C      53C        E        8       0
                text1078                            515      515       18        8       0
                text1077                            556      556        1        8       0
                text1068                            4E6      4E6       2F        8       0
                text1063                              F        F      193        8       0
                text1061                            2E9      2E9       FA        8       0
                text1058                            1A2      1A2      147        8       0
                maintext                            473      473       73        8       0
                cstackBANK0                          45       45       10       20       1
                cstackCOMMON                         71       71        6       70       1
                clrtext                             54A      54A        8        8       0
                bssBANK0                             20       20       25       20       1
                bssCOMMON                            77       77        5       70       1
                bitbssCOMMON                        380       70        7       70       1     8
                cinit                               52D      52D        F        8       0

TOTAL           Name                               Link     Load   Length     Space
        CLASS   CONST          

        CLASS   CODE           
                end_init                              D        D        2         0
                intentry                              4        4        9         0
                reset_vec                             0        0        2         0
                text1082                            3E3      3E3       90         0
                text1081                            554      554        2         0
                text1080                            552      552        2         0
                text1079                            53C      53C        E         0
                text1078                            515      515       18         0
                text1077                            556      556        1         0
                text1068                            4E6      4E6       2F         0
                text1063                              F        F      193         0
                text1061                            2E9      2E9       FA         0
                text1058                            1A2      1A2      147         0
                maintext                            473      473       73         0
                clrtext                             54A      54A        8         0
                cinit                               52D      52D        F         0

        CLASS   STRCODE        

        CLASS   ENTRY          

        CLASS   STRING         

        CLASS   BANK0          
                cstackBANK0                          45       45       10         1
                bssBANK0                             20       20       25         1

        CLASS   BANK1          

        CLASS   BANK2          

        CLASS   BANK3          

        CLASS   RAM            

        CLASS   ABS1           
                abs_s1                               7E       7E        2         1

        CLASS   COMMON         
                cstackCOMMON                         71       71        6         1
                bssCOMMON                            77       77        5         1
                bitbssCOMMON                        380       70        7         1

        CLASS   SFR0           

        CLASS   SFR1           

        CLASS   SFR2           

        CLASS   SFR3           

        CLASS   CONFIG         
                config                             2007     2007        2         0

        CLASS   IDLOC          

        CLASS   EEDATA         



SEGMENTS        Name                           Load    Length   Top    Selector   Space  Class     Delta

                reset_vec                      000000  000002  000002         0       0  CODE        2
                intentry                       000004  000553  000557         8       0  CODE        2
                bssBANK0                       000020  000035  000055        20       1  BANK0       1
                bitbssCOMMON                   000070  00000C  00007C        70       1  COMMON      1
                config                         002007  000002  002009      400E       0  CONFIG      2


UNUSED ADDRESS RANGES

        Name                Unused          Largest block    Delta
        BANK0            0055-006F             1B           1
        BANK1            00A0-00EF             50           1
        BANK2            0110-016F             60           1
        BANK3            0190-01EF             60           1
        CODE             0002-0003              2           2
                         0557-0FFF            2A9
        COMMON           007C-007D              2           1
        CONST            0002-0003              2           2
                         0557-0FFF            100
        EEDATA           2100-21FF            100           2
        ENTRY            0002-0003              2           2
                         0557-0FFF            100
        IDLOC            2000-2003              4           2
        RAM              0055-006F             1B           1
                         00A0-00EF             50
                         0110-016F             60
                         0190-01EF             60
        SFR0             0000-001F             20           1
        SFR1             0080-009F             20           1
        SFR2             0100-010F             10           1
        SFR3             0180-018F             10           1
        STRCODE          0002-0003              2           2
                         0557-0FFF            AA9
        STRING           0002-0003              2           2
                         0557-0FFF            100

                                  Symbol Table

??_AutoAdjustGain             cstackBANK0  0045
??_DS18B20Convert             cstackBANK0  0049
??_DS18B20Initial             cstackBANK0  0049
??_DS18B20ReadFlash           cstackBANK0  0049
??_DataHandle                 cstackBANK0  004B
??_Delay                      cstackBANK0  0047
??_I2CReadH                   cstackBANK0  004C
??_I2CReadL                   cstackBANK0  004C
??_ReadByte                   cstackBANK0  0045
??_ReadEE                     cstackBANK0  0045
??_ReadSN                     cstackBANK0  0047
??_RelayOff                   cstackBANK0  0045
??_RelayOn                    cstackBANK0  0045
??_Reset                      cstackBANK0  0045
??_ResetUart                  cstackBANK0  0045
??_SendService                cstackBANK0  0046
??_WriteByte                  cstackBANK0  0045
??_WriteEE                    cstackBANK0  0046
??_WriteSN                    cstackBANK0  004B
??_i2c_GetByte                cstackBANK0  0049
??_i2c_PutByte                cstackBANK0  0049
??_i2c_ReadAcknowledge        cstackBANK0  0046
??_i2c_ReadByte               cstackBANK0  0046
??_i2c_Restart                cstackBANK0  0045
??_i2c_SendAcknowledge        cstackBANK0  0045
??_i2c_SendByte               cstackBANK0  0046
??_i2c_Stop                   cstackBANK0  0045
??_i2c_WaitForSCL             cstackBANK0  0045
??_isr                        cstackCOMMON 0071
??_main                       cstackBANK0  0055
??_putch                      cstackBANK0  0045
??i1_ResetUart                cstackCOMMON 0071
?_AutoAdjustGain              cstackCOMMON 0071
?_DS18B20Convert              cstackCOMMON 0071
?_DS18B20Initial              cstackCOMMON 0071
?_DS18B20ReadFlash            cstackCOMMON 0071
?_DataHandle                  cstackCOMMON 0071
?_Delay                       cstackBANK0  0045
?_I2CReadH                    cstackCOMMON 0071
?_I2CReadL                    cstackCOMMON 0071
?_ReadByte                    cstackCOMMON 0071
?_ReadEE                      cstackCOMMON 0071
?_ReadSN                      cstackCOMMON 0071
?_RelayOff                    cstackCOMMON 0071
?_RelayOn                     cstackCOMMON 0071
?_Reset                       cstackCOMMON 0071
?_ResetUart                   cstackCOMMON 0071
?_SendService                 cstackCOMMON 0071
?_WriteByte                   cstackCOMMON 0071
?_WriteEE                     cstackBANK0  0045
?_WriteSN                     cstackBANK0  0047
?_i2c_GetByte                 cstackCOMMON 0071
?_i2c_PutByte                 cstackCOMMON 0071
?_i2c_ReadAcknowledge         cstackCOMMON 0071
?_i2c_ReadByte                cstackCOMMON 0071
?_i2c_Restart                 cstackCOMMON 0071
?_i2c_SendAcknowledge         cstackCOMMON 0071
?_i2c_SendByte                cstackCOMMON 0071
?_i2c_Stop                    cstackCOMMON 0071
?_i2c_WaitForSCL              cstackCOMMON 0071
?_isr                         cstackCOMMON 0071
?_main                        cstackBANK0  0051
?_putch                       cstackCOMMON 0071
?i1_ResetUart                 cstackCOMMON 0071
DS18B20Convert@i              cstackBANK0  0049
DS18B20Initial@i              cstackBANK0  0049
DS18B20ReadFlash@i            cstackBANK0  0049
DataHandle@snNumH             cstackBANK0  004D
DataHandle@snNumL             cstackBANK0  004F
Delay@k                       bssBANK0     0028
Delay@t                       cstackBANK0  0045
ReadByte@buf                  cstackBANK0  0047
ReadByte@i                    cstackBANK0  0045
ReadByte@j                    cstackBANK0  0048
ReadEE@addr                   cstackBANK0  0045
ReadEE@num                    cstackBANK0  0046
ReadSN@data                   cstackBANK0  0048
ReadSN@i                      cstackBANK0  0049
Reset@i                       cstackBANK0  0046
Reset@k                       cstackBANK0  0045
ResetUart@i                   bssCOMMON    0077
WriteByte@dat                 cstackBANK0  0045
WriteByte@i                   cstackBANK0  0047
WriteByte@j                   cstackBANK0  0046
WriteEE@addr                  cstackBANK0  0046
WriteEE@data                  cstackBANK0  0045
WriteSN@numH                  cstackBANK0  0047
WriteSN@numL                  cstackBANK0  0049
_ADCON0                       (abs)        001F
_ADCON1                       (abs)        009F
_ANSEL                        (abs)        009B
_AutoAdjustGain               text1077     0556
_CCP1CON                      (abs)        0017
_CCPR1H                       (abs)        0016
_CCPR1L                       (abs)        0015
_CFG_H                        bssBANK0     002C
_CFG_L                        bssBANK0     002D
_CKP                          (abs)        00A4
_CREN                         (abs)        00C4
_DS18B20Convert               text1061     02E9
_DS18B20Initial               text1061     0324
_DS18B20ReadFlash             text1061     0302
_DataHandle                   text1063     000F
_Delay                        text1079     053C
_EEADR                        (abs)        010D
_EECON2                       (abs)        018D
_EEDATA                       (abs)        010C
_EEPGD                        (abs)        0C67
_H_L                          bssBANK0     002E
_H_M                          bssBANK0     002F
_H_S                          bssBANK0     0030
_I2CReadH                     text1058     01DD
_I2CReadL                     text1058     01C1
_INTCON                       (abs)        000B
_L_L                          bssBANK0     0031
_L_M                          bssBANK0     0032
_L_S                          bssBANK0     0033
_OERR                         (abs)        00C1
_PIE1                         (abs)        008C
_PIR1                         (abs)        000C
_PIR2                         (abs)        000D
_PORTA                        (abs)        0005
_PORTB                        (abs)        0006
_PR2                          (abs)        0092
_RA0                          (abs)        0028
_RB0                          (abs)        0030
_RB1                          (abs)        0031
_RB4                          (abs)        0034
_RCIF                         (abs)        0065
_RCREG                        (abs)        001A
_RCSTA                        (abs)        0018
_RD                           (abs)        0C60
_ReadByte                     text1061     03B8
_ReadEE                       text1063     0194
_ReadSN                       text1063     0183
_RelayOff                     text1080     0552
_RelayOn                      text1081     0554
_Reset                        text1061     037F
_ResetUart                    text1078     0515
_SPBRG                        (abs)        0099
_SSPCON                       (abs)        0014
_SSPEN                        (abs)        00A5
_SendService                  text1068     04E6
_T1CON                        (abs)        0010
_T2CON                        (abs)        0012
_TRISA                        (abs)        0085
_TRISA0                       (abs)        0428
_TRISB                        (abs)        0086
_TRISB1                       (abs)        0431
_TRISB2                       (abs)        0432
_TRISB4                       (abs)        0434
_TRISB5                       (abs)        0435
_TXIF                         (abs)        0064
_TXREG                        (abs)        0019
_TXSTA                        (abs)        0098
_T_L                          bssBANK0     0034
_T_Lsb                        bssBANK0     0035
_T_M                          bssBANK0     0036
_T_Msb                        bssBANK0     0037
_WR                           (abs)        0C61
_WREN                         (abs)        0C62
_WriteByte                    text1061     0343
_WriteEE                      text1063     0169
_WriteSN                      text1063     012B
__Habs1                       abs1         0000
__Hbank0                      bank0        0000
__Hbank1                      bank1        0000
__Hbank2                      bank2        0000
__Hbank3                      bank3        0000
__HbitbssCOMMON               bitbssCOMMON 0000
__HbssBANK0                   bssBANK0     0000
__HbssCOMMON                  bssCOMMON    0000
__Hcinit                      cinit        0000
__Hclrtext                    clrtext      0000
__Hcode                       code         0000
__Hcommon                     common       0000
__Hconfig                     config       2009
__HcstackBANK0                cstackBANK0  0000
__HcstackCOMMON               cstackCOMMON 0000
__Heeprom_data                eeprom_data  0000
__Hend_init                   end_init     000F
__Hfunctab                    functab      0000
__Hidloc                      idloc        0000
__Hinit                       init         000D
__Hintentry                   intentry     000D
__Hmaintext                   maintext     0000
__Hpowerup                    powerup      0000
__Hram                        ram          0000
__Hreset_vec                  reset_vec    0002
__Hsfr0                       sfr0         0000
__Hsfr1                       sfr1         0000
__Hsfr2                       sfr2         0000
__Hsfr3                       sfr3         0000
__Hstrings                    strings      0000
__Htext                       text         0000
__Labs1                       abs1         0000
__Lbank0                      bank0        0000
__Lbank1                      bank1        0000
__Lbank2                      bank2        0000
__Lbank3                      bank3        0000
__LbitbssCOMMON               bitbssCOMMON 0000
__LbssBANK0                   bssBANK0     0000
__LbssCOMMON                  bssCOMMON    0000
__Lcinit                      cinit        0000
__Lclrtext                    clrtext      0000
__Lcode                       code         0000
__Lcommon                     common       0000
__Lconfig                     config       2007
__LcstackBANK0                cstackBANK0  0000
__LcstackCOMMON               cstackCOMMON 0000
__Leeprom_data                eeprom_data  0000
__Lend_init                   end_init     000D
__Lfunctab                    functab      0000
__Lidloc                      idloc        0000
__Linit                       init         000D
__Lintentry                   intentry     0004
__Lmaintext                   maintext     0000
__Lpowerup                    powerup      0000
__Lram                        ram          0000
__Lreset_vec                  reset_vec    0000
__Lsfr0                       sfr0         0000
__Lsfr1                       sfr1         0000
__Lsfr2                       sfr2         0000
__Lsfr3                       sfr3         0000
__Lstrings                    strings      0000
__Ltext                       text         0000
__S0                          (abs)        2009
__S1                          (abs)        007C
__S2                          (abs)        0000
__end_of_AutoAdjustGain       text1077     0557
__end_of_DS18B20Convert       text1061     0302
__end_of_DS18B20Initial       text1061     0343
__end_of_DS18B20ReadFlash     text1061     0324
__end_of_DataHandle           text1063     012B
__end_of_Delay                text1079     054A
__end_of_I2CReadH             text1058     01F9
__end_of_I2CReadL             text1058     01DD
__end_of_ReadByte             text1061     03E3
__end_of_ReadEE               text1063     01A2
__end_of_ReadSN               text1063     0194
__end_of_RelayOff             text1080     0554
__end_of_RelayOn              text1081     0556
__end_of_Reset                text1061     03B8
__end_of_ResetUart            text1078     052D
__end_of_SendService          text1068     050F
__end_of_WriteByte            text1061     037F
__end_of_WriteEE              text1063     0183
__end_of_WriteSN              text1063     0169
__end_of_i2c_GetByte          text1058     0211
__end_of_i2c_PutByte          text1058     0201
__end_of_i2c_ReadAcknowledge  text1058     01C1
__end_of_i2c_ReadByte         text1058     02CF
__end_of_i2c_Restart          text1058     022C
__end_of_i2c_SendAcknowledge  text1058     02E9
__end_of_i2c_SendByte         text1058     029A
__end_of_i2c_Stop             text1058     0258
__end_of_i2c_WaitForSCL       text1058     02A6
__end_of_isr                  text1082     0459
__end_of_main                 maintext     04E6
__end_of_putch                text1068     0515
__end_ofi1_ResetUart          text1082     0473
__pbitbssCOMMON               bitbssCOMMON 0380
__pbssBANK0                   bssBANK0     0020
__pbssCOMMON                  bssCOMMON    0077
__pcstackBANK0                cstackBANK0  0045
__pcstackCOMMON               cstackCOMMON 0071
__pintentry                   intentry     0004
__pmaintext                   maintext     0473
__ptext1052                   text1052     0000
__ptext1053                   text1058     01C1
__ptext1054                   text1058     01DD
__ptext1055                   text1058     0201
__ptext1056                   text1058     01F9
__ptext1057                   text1058     02A6
__ptext1058                   text1058     01A2
__ptext1059                   text1058     0258
__ptext1060                   text1061     0302
__ptext1061                   text1061     02E9
__ptext1062                   text1061     0324
__ptext1063                   text1063     000F
__ptext1064                   text1061     03B8
__ptext1065                   text1061     0343
__ptext1066                   text1058     02CF
__ptext1067                   text1058     029A
__ptext1068                   text1068     04E6
__ptext1069                   text1063     0183
__ptext1070                   text1063     012B
__ptext1071                   text1058     022C
__ptext1072                   text1058     0211
__ptext1073                   text1061     037F
__ptext1074                   text1068     050F
__ptext1075                   text1063     0194
__ptext1076                   text1063     0169
__ptext1077                   text1077     0556
__ptext1078                   text1078     0515
__ptext1079                   text1079     053C
__ptext1080                   text1080     0552
__ptext1081                   text1081     0554
__ptext1082                   text1082     03E3
__ptext1083                   text1082     0459
__ptext1084                   text1084     0000
__size_of_AutoAdjustGain      (abs)        0000
__size_of_DS18B20Convert      (abs)        0000
__size_of_DS18B20Initial      (abs)        0000
__size_of_DS18B20ReadFlash    (abs)        0000
__size_of_DataHandle          (abs)        0000
__size_of_Delay               (abs)        0000
__size_of_I2CReadH            (abs)        0000
__size_of_I2CReadL            (abs)        0000
__size_of_ReadByte            (abs)        0000
__size_of_ReadEE              (abs)        0000
__size_of_ReadSN              (abs)        0000
__size_of_RelayOff            (abs)        0000
__size_of_RelayOn             (abs)        0000
__size_of_Reset               (abs)        0000
__size_of_ResetUart           (abs)        0000
__size_of_SendService         (abs)        0000
__size_of_WriteByte           (abs)        0000
__size_of_WriteEE             (abs)        0000
__size_of_WriteSN             (abs)        0000
__size_of_i2c_GetByte         (abs)        0000
__size_of_i2c_PutByte         (abs)        0000
__size_of_i2c_ReadAcknowledge (abs)        0000
__size_of_i2c_ReadByte        (abs)        0000
__size_of_i2c_Restart         (abs)        0000
__size_of_i2c_SendAcknowledge (abs)        0000
__size_of_i2c_SendByte        (abs)        0000
__size_of_i2c_Stop            (abs)        0000
__size_of_i2c_WaitForSCL      (abs)        0000
__size_of_isr                 (abs)        0000
__size_of_main                (abs)        0000
__size_of_putch               (abs)        0000
__size_ofi1_ResetUart         (abs)        0000
_exit                         init         000D
_i2c_GetByte                  text1058     0201
_i2c_PutByte                  text1058     01F9
_i2c_ReadAcknowledge          text1058     01A2
_i2c_ReadByte                 text1058     02A6
_i2c_Restart                  text1058     0211
_i2c_SendAcknowledge          text1058     02CF
_i2c_SendByte                 text1058     0258
_i2c_Stop                     text1058     022C
_i2c_WaitForSCL               text1058     029A
_idleCnt                      bssBANK0     002A
_isr                          text1082     03E3
_main                         maintext     0473
_putch                        text1068     050F
_rcvAddrOk                    bitbssCOMMON 0380
_rcvCRC                       bssCOMMON    0078
_rcvCRCOk                     bitbssCOMMON 0381
_rcvCommand                   bssBANK0     0038
_rcvCommandOk                 bitbssCOMMON 0382
_rcvCount                     bssCOMMON    0079
_rcvData                      bssBANK0     0020
_rcvDataOk                    bitbssCOMMON 0383
_rcvLength                    bssBANK0     0039
_rcvLengthOk                  bitbssCOMMON 0384
_rcvStartOk                   bitbssCOMMON 0385
_rcvTerminalOk                bitbssCOMMON 0386
_sndCRC                       bssCOMMON    007A
_sndCommand                   bssBANK0     003A
_sndCount                     bssCOMMON    007B
_sndData                      bssBANK0     003C
_sndLength                    bssBANK0     003B
_unitAddr                     bssBANK0     0044
btemp                         (abs)        007E
clear_ram                     clrtext      054A
end_of_initialization         cinit        0539
i1_ResetUart                  text1082     0459
i1l5125                                        
i1l5133                                        
i1l5135                                        
i1l5143                                        
i1l5149                                        
i1l5151                                        
i1l5155                                        
i1l5167                                        
i1l5189                                        
i1l5217                                        
i1l5225                                        
i1l5231                                        
i1l5233                                        
i1l5235                                        
i1l5237                                        
i1l5239                                        
i1l5241                                        
i1l5243                                        
i1l705                                         
i2c_GetByte@byte              cstackBANK0  004A
i2c_GetByte@more              cstackBANK0  0049
i2c_PutByte@data              cstackBANK0  0049
i2c_ReadAcknowledge@ack       cstackBANK0  0047
i2c_ReadByte@byte             cstackBANK0  0047
i2c_ReadByte@i                cstackBANK0  0048
i2c_SendAcknowledge@status    cstackBANK0  0046
i2c_SendByte@byte             cstackBANK0  0047
i2c_SendByte@i                cstackBANK0  0048
interrupt_function            intentry     0004
intlevel0                     functab      0000
intlevel1                     functab      0000
intlevel2                     functab      0000
intlevel3                     functab      0000
intlevel4                     functab      0000
intlevel5                     functab      0000
l1405                                          
l2021                                          
l2024                                          
l2050                                          
l2707                                          
l2720                                          
l2729                                          
l3359                                          
l3362                                          
l3366                                          
l3369                                          
l3374                                          
l5749                                          
l5751                                          
l5753                                          
l5759                                          
l5767                                          
l5773                                          
l5775                                          
l5777                                          
l5779                                          
l5781                                          
l5783                                          
l5785                                          
l5789                                          
l5791                                          
l5793                                          
l5797                                          
l5799                                          
l5801                                          
l5809                                          
l5813                                          
l5815                                          
l5821                                          
l5839                                          
l5841                                          
l5843                                          
l5845                                          
l5847                                          
l5853                                          
l5855                                          
l5857                                          
l5859                                          
l5861                                          
l5863                                          
l5867                                          
l5869                                          
l5871                                          
l5873                                          
l5875                                          
l5877                                          
l5879                                          
l5881                                          
l5883                                          
l5885                                          
l5893                                          
l5895                                          
l5897                                          
l5899                                          
l5901                                          
l5903                                          
l5905                                          
l5907                                          
l5911                                          
l5913                                          
l5919                                          
l5923                                          
l5933                                          
l5935                                          
l5937                                          
l5941                                          
l5945                                          
l5953                                          
l5959                                          
l5965                                          
l5967                                          
l5969                                          
l5971                                          
l5987                                          
l5993                                          
l6003                                          
l6081                                          
l6083                                          
l6085                                          
l6087                                          
l6093                                          
l6101                                          
l6103                                          
l6105                                          
l6107                                          
l6109                                          
l6111                                          
l6113                                          
l6119                                          
l6125                                          
l6135                                          
l6145                                          
l6155                                          
l6167                                          
l6173                                          
l6179                                          
l6181                                          
l6189                                          
l6191                                          
l6193                                          
l6201                                          
l6203                                          
l6205                                          
l6207                                          
l6217                                          
l6223                                          
l6225                                          
l6227                                          
l6229                                          
l6237                                          
l6239                                          
l6241                                          
l6243                                          
l6249                                          
l6259                                          
l6267                                          
l6271                                          
l6273                                          
l6275                                          
l6277                                          
l6279                                          
l6281                                          
l6283                                          
l6285                                          
l6287                                          
l6289                                          
l6291                                          
l6293                                          
l6295                                          
l6297                                          
l6299                                          
l6301                                          
l6303                                          
l6305                                          
l6307                                          
l6309                                          
l6311                                          
l6313                                          
l6323                                          
l6327                                          
l6329                                          
l6331                                          
l6333                                          
l6335                                          
l6339                                          
l6341                                          
l687                                           
l690                                           
l698                                           
l705                                           
l708                                           
l711                                           
l714                                           
l758                                           
main@argc                     cstackBANK0  0051
main@argv                     cstackBANK0  0053
putch@byte                    cstackBANK0  0045
reset_vec                     reset_vec    0000
saved_w                       (abs)        007E
start                         init         000D
start_initialization          cinit        052D
wtemp0                        (abs)        007E
